\BOOKMARK [0][-]{chapter.1}{Introduction}{}% 1
\BOOKMARK [1][-]{section.1.1}{Motivation}{chapter.1}% 2
\BOOKMARK [1][-]{section.1.2}{Objectives}{chapter.1}% 3
\BOOKMARK [2][-]{subsection.1.2.1}{Main\040objective}{section.1.2}% 4
\BOOKMARK [2][-]{subsection.1.2.2}{Specific\040Objectives}{section.1.2}% 5
\BOOKMARK [1][-]{section.1.3}{Chosen\040approach}{chapter.1}% 6
\BOOKMARK [0][-]{chapter.2}{Theoretical\040Background}{}% 7
\BOOKMARK [1][-]{section.2.1}{Neuroevolution\040and\040Genetic\040Algorithms}{chapter.2}% 8
\BOOKMARK [2][-]{subsection.2.1.1}{TWEANNs}{section.2.1}% 9
\BOOKMARK [2][-]{subsection.2.1.2}{NeuroEvolution\040of\040Augmented\040Topologies\040\(NEAT\)}{section.2.1}% 10
\BOOKMARK [3][-]{subsubsection.2.1.2.1}{Innovation\040Numbers}{subsection.2.1.2}% 11
\BOOKMARK [3][-]{subsubsection.2.1.2.2}{Speciation}{subsection.2.1.2}% 12
\BOOKMARK [3][-]{subsubsection.2.1.2.3}{Minimal\040structures}{subsection.2.1.2}% 13
\BOOKMARK [3][-]{subsubsection.2.1.2.4}{Why\040is\040it\040better}{subsection.2.1.2}% 14
\BOOKMARK [3][-]{subsubsection.2.1.2.5}{Limitations}{subsection.2.1.2}% 15
\BOOKMARK [1][-]{section.2.2}{Green\040AI\040and\040Spiking\040Neural\040Networks\040\(SNNs\)}{chapter.2}% 16
\BOOKMARK [2][-]{subsection.2.2.1}{Green\040AI}{section.2.2}% 17
\BOOKMARK [2][-]{subsection.2.2.2}{SNN\040Fundamentals\040and\040the\040LIF\040Model}{section.2.2}% 18
\BOOKMARK [2][-]{subsection.2.2.3}{Training\040Spiking\040Networks}{section.2.2}% 19
\BOOKMARK [2][-]{subsection.2.2.4}{Theoretical\040Energy\040Estimation}{section.2.2}% 20
\BOOKMARK [1][-]{section.2.3}{Synaptic\040Plasticity\040and\040Biological\040Reinforcement\040Learning}{chapter.2}% 21
\BOOKMARK [2][-]{subsection.2.3.1}{Spike-Timing-Dependent\040Plasticity\040\(STDP\)}{section.2.3}% 22
\BOOKMARK [2][-]{subsection.2.3.2}{Reward-Modulated\040STDP\040\(R-STDP\)}{section.2.3}% 23
\BOOKMARK [0][-]{chapter.3}{State\040of\040the\040Art}{}% 24
\BOOKMARK [1][-]{section.3.1}{Game-playing\040controllers}{chapter.3}% 25
\BOOKMARK [1][-]{section.3.2}{Spiking\040networks\040for\040control}{chapter.3}% 26
\BOOKMARK [1][-]{section.3.3}{Reward-modulated\040plasticity\040in\040spiking\040agents}{chapter.3}% 27
\BOOKMARK [1][-]{section.3.4}{Evolved\040plastic\040networks}{chapter.3}% 28
\BOOKMARK [1][-]{section.3.5}{Energy-aware\040evaluation\040and\040neuromorphic\040hardware}{chapter.3}% 29
\BOOKMARK [1][-]{section.3.6}{Comparative\040analysis\040and\040research\040gap}{chapter.3}% 30
\BOOKMARK [0][-]{chapter.4}{\376\377\000C\000o\000n\000c\000l\000u\000s\000i\000\363\000n\000s}{}% 31
\BOOKMARK [0][-]{chapter*.13}{Bibliography}{}% 32
